H40: features ready phone_F1.wav
H40: features ready phone_M1.wav
H40: features ready studio_F1.wav
H40: features ready studio_M1.wav
H40: selected final: praat7_filtered_v0.45
H40: selected phone_F1.wav: praat7_filtered_v0.45
H40: selected phone_M1.wav: praat7_filtered_v0.45
H40: selected studio_F1.wav: praat7_filtered_v0.45
H40: selected studio_M1.wav: praat7_filtered_v0.45
{
  "checks": {
    "train_mape_relative_10_percent": false,
    "lofo_mape_relative_5_percent": false,
    "lofo_f1_drop_at_most_01": true,
    "lofo_recall_v_drop_at_most_01": true,
    "lofo_sil_increase_at_most_1": true,
    "lofo_no_file_mape_worse_by_over_2pp": true,
    "lofo_phone_f1_std_not_worse": true,
    "selected_lofo_mape_relative_5_percent": false
  },
  "eligible": false,
  "nested_status": "Outer file excluded from every inner fit and selection; selected LOFO is separate.",
  "champion_promoted": false
}
    model  split  average_mape  macro_f1  recall_v  false_voiced_sil
 accepted  train      2.156992  0.879377  0.908626                 0
 accepted   lofo      2.156992  0.879377  0.908626                 0
 accepted nested      2.156992  0.879377  0.908626                 0
candidate  train      2.156992  0.879377  0.908626                 0
candidate   lofo      2.156992  0.879377  0.908626                 0
candidate nested      2.156992  0.879377  0.908626                 0
